[18-Mar-2026 11:35:40 America/Mexico_City] PHP Warning:  Undefined property: AuthController::$con in C:\inetpub\wwwroot\vinculatec\src\controllers\AuthController.php on line 72
[18-Mar-2026 11:35:43 America/Mexico_City] PHP Warning:  require_once(C:\inetpub\wwwroot\vinculatec\src\views/../includes/Footer.php): Failed to open stream: No such file or directory in C:\inetpub\wwwroot\vinculatec\src\views\panelAdministracion.php on line 96
[18-Mar-2026 11:35:43 America/Mexico_City] PHP Fatal error:  Uncaught Error: Failed opening required 'C:\inetpub\wwwroot\vinculatec\src\views/../includes/Footer.php' (include_path='.;C:\php\pear') in C:\inetpub\wwwroot\vinculatec\src\views\panelAdministracion.php:96
Stack trace:
#0 C:\inetpub\wwwroot\vinculatec\src\controllers\AuthController.php(31): include()
#1 C:\inetpub\wwwroot\vinculatec\public\index.php(108): AuthController->panelAdministracion()
#2 {main}
  thrown in C:\inetpub\wwwroot\vinculatec\src\views\panelAdministracion.php on line 96
[18-Mar-2026 11:35:55 America/Mexico_City] PHP Warning:  Undefined property: AuthController::$con in C:\inetpub\wwwroot\vinculatec\src\controllers\AuthController.php on line 72
[18-Mar-2026 11:35:58 America/Mexico_City] PHP Warning:  require_once(C:\inetpub\wwwroot\vinculatec\src\views/../includes/Footer.php): Failed to open stream: No such file or directory in C:\inetpub\wwwroot\vinculatec\src\views\panelAdministracion.php on line 96
[18-Mar-2026 11:35:58 America/Mexico_City] PHP Fatal error:  Uncaught Error: Failed opening required 'C:\inetpub\wwwroot\vinculatec\src\views/../includes/Footer.php' (include_path='.;C:\php\pear') in C:\inetpub\wwwroot\vinculatec\src\views\panelAdministracion.php:96
Stack trace:
#0 C:\inetpub\wwwroot\vinculatec\src\controllers\AuthController.php(31): include()
#1 C:\inetpub\wwwroot\vinculatec\public\index.php(108): AuthController->panelAdministracion()
#2 {main}
  thrown in C:\inetpub\wwwroot\vinculatec\src\views\panelAdministracion.php on line 96
[18-Mar-2026 11:36:14 America/Mexico_City] PHP Fatal error:  Uncaught Error: Class "AuthController" not found in C:\inetpub\wwwroot\vinculatec\src\views\usuarios.php:19
Stack trace:
#0 C:\inetpub\wwwroot\vinculatec\src\controllers\AdminController.php(13): include()
#1 C:\inetpub\wwwroot\vinculatec\public\index.php(108): AdminController->usuarios()
#2 {main}
  thrown in C:\inetpub\wwwroot\vinculatec\src\views\usuarios.php on line 19
[18-Mar-2026 11:39:46 America/Mexico_City] PHP Warning:  Undefined property: AuthController::$con in C:\inetpub\wwwroot\vinculatec\src\controllers\AuthController.php on line 72
[18-Mar-2026 11:39:49 America/Mexico_City] PHP Warning:  require_once(C:\inetpub\wwwroot\vinculatec\src\views/../includes/Footer.php): Failed to open stream: No such file or directory in C:\inetpub\wwwroot\vinculatec\src\views\panelAdministracion.php on line 96
[18-Mar-2026 11:39:49 America/Mexico_City] PHP Fatal error:  Uncaught Error: Failed opening required 'C:\inetpub\wwwroot\vinculatec\src\views/../includes/Footer.php' (include_path='.;C:\php\pear') in C:\inetpub\wwwroot\vinculatec\src\views\panelAdministracion.php:96
Stack trace:
#0 C:\inetpub\wwwroot\vinculatec\src\controllers\AuthController.php(31): include()
#1 C:\inetpub\wwwroot\vinculatec\public\index.php(108): AuthController->panelAdministracion()
#2 {main}
  thrown in C:\inetpub\wwwroot\vinculatec\src\views\panelAdministracion.php on line 96
[18-Mar-2026 11:39:53 America/Mexico_City] PHP Warning:  require_once(C:\inetpub\wwwroot\vinculatec\src\views/../includes/Footer.php): Failed to open stream: No such file or directory in C:\inetpub\wwwroot\vinculatec\src\views\usuarios.php on line 49
[18-Mar-2026 11:39:53 America/Mexico_City] PHP Fatal error:  Uncaught Error: Failed opening required 'C:\inetpub\wwwroot\vinculatec\src\views/../includes/Footer.php' (include_path='.;C:\php\pear') in C:\inetpub\wwwroot\vinculatec\src\views\usuarios.php:49
Stack trace:
#0 C:\inetpub\wwwroot\vinculatec\src\controllers\AdminController.php(13): include()
#1 C:\inetpub\wwwroot\vinculatec\public\index.php(108): AdminController->usuarios()
#2 {main}
  thrown in C:\inetpub\wwwroot\vinculatec\src\views\usuarios.php on line 49
